
  VITE v5.4.21  ready in 1091 ms

  ➜  Local:   http://localhost:5199/
  ➜  Network: use --host to expose
Error: spawn xdg-open ENOENT
    at ChildProcess._handle.onexit (node:internal/child_process:285:19)
    at onErrorNT (node:internal/child_process:483:16)
    at process.processTicksAndRejections (node:internal/process/task_queues:89:21)
[baseline-browser-mapping] The data in this module is over two months old.  To ensure accurate Baseline data, please update: `npm i baseline-browser-mapping@latest -D`
[BABEL] Note: The code generator has deoptimised the styling of /home/user/LifeGoalAPP.com/src/features/gamification/level-worlds/components/IslandRunBoardPrototype.tsx as it exceeds the max of 500KB.
[BABEL] Note: The code generator has deoptimised the styling of /home/user/LifeGoalAPP.com/src/features/habits/DailyHabitTracker.tsx as it exceeds the max of 500KB.
[BABEL] Note: The code generator has deoptimised the styling of /home/user/LifeGoalAPP.com/src/features/gamification/level-worlds/dev/Island5ThreePilot.tsx as it exceeds the max of 500KB.
3:21:59 PM [vite] hmr update /src/features/gamification/level-worlds/components/IslandRunBoardPrototype.tsx
3:27:10 PM [vite] hmr update /src/features/gamification/level-worlds/dev/Island5ThreePilot.tsx
3:27:19 PM [vite] hmr update /src/features/gamification/level-worlds/LevelWorlds.css
3:29:26 PM [vite] hmr update /src/features/gamification/level-worlds/components/IslandMissionBriefingModal.tsx
3:29:36 PM [vite] hmr update /src/features/gamification/level-worlds/LevelWorlds.css
3:29:47 PM [vite] hmr update /src/features/gamification/level-worlds/components/IslandRunBoardPrototype.tsx
[BABEL] Note: The code generator has deoptimised the styling of /home/user/LifeGoalAPP.com/src/features/gamification/level-worlds/components/IslandRunBoardPrototype.tsx as it exceeds the max of 500KB.
[BABEL] Note: The code generator has deoptimised the styling of /home/user/LifeGoalAPP.com/src/features/gamification/level-worlds/dev/Island5ThreePilot.tsx as it exceeds the max of 500KB.
3:36:28 PM [vite] hmr update /src/features/gamification/level-worlds/dev/Island5ThreePilot.tsx
[BABEL] Note: The code generator has deoptimised the styling of /home/user/LifeGoalAPP.com/src/features/gamification/level-worlds/dev/Island5ThreePilot.tsx as it exceeds the max of 500KB.
3:40:23 PM [vite] hmr update /src/features/gamification/level-worlds/dev/Island5ThreePilot.tsx
[BABEL] Note: The code generator has deoptimised the styling of /home/user/LifeGoalAPP.com/src/features/gamification/level-worlds/dev/Island5ThreePilot.tsx as it exceeds the max of 500KB.
3:42:51 PM [vite] hmr update /src/features/gamification/level-worlds/dev/Island5ThreePilot.tsx
[BABEL] Note: The code generator has deoptimised the styling of /home/user/LifeGoalAPP.com/src/features/gamification/level-worlds/dev/Island5ThreePilot.tsx as it exceeds the max of 500KB.
