vite v5.4.21 building for production...
transforming...
✓ 1440 modules transformed.
rendering chunks...
[plugin:vite:reporter] [plugin vite:reporter] 
(!) /Users/ejmac/Documents/Mini Project - iOS and Adroid capcitor/worktrees/island-002-v2-concept-20260911/src/features/habits/scheduleInterpreter.ts is dynamically imported by /Users/ejmac/Documents/Mini Project - iOS and Adroid capcitor/worktrees/island-002-v2-concept-20260911/src/services/habitAdjustments.ts, /Users/ejmac/Documents/Mini Project - iOS and Adroid capcitor/worktrees/island-002-v2-concept-20260911/src/services/habitAdjustments.ts but also statically imported by /Users/ejmac/Documents/Mini Project - iOS and Adroid capcitor/worktrees/island-002-v2-concept-20260911/src/features/ai-coach/AiCoach.tsx, /Users/ejmac/Documents/Mini Project - iOS and Adroid capcitor/worktrees/island-002-v2-concept-20260911/src/features/gamification/level-worlds/services/islandRunHabitLandmarkAction.ts, /Users/ejmac/Documents/Mini Project - iOS and Adroid capcitor/worktrees/island-002-v2-concept-20260911/src/features/habits/HabitsModule.tsx, /Users/ejmac/Documents/Mini Project - iOS and Adroid capcitor/worktrees/island-002-v2-concept-20260911/src/features/habits/UnifiedTodayView.tsx, /Users/ejmac/Documents/Mini Project - iOS and Adroid capcitor/worktrees/island-002-v2-concept-20260911/src/features/habits/autoProgression.ts, /Users/ejmac/Documents/Mini Project - iOS and Adroid capcitor/worktrees/island-002-v2-concept-20260911/src/features/habits/suggestionsEngine.ts, /Users/ejmac/Documents/Mini Project - iOS and Adroid capcitor/worktrees/island-002-v2-concept-20260911/src/features/routines/RoutinesTodayLane.tsx, /Users/ejmac/Documents/Mini Project - iOS and Adroid capcitor/worktrees/island-002-v2-concept-20260911/src/features/tip-of-day/tipOfDayData.ts, /Users/ejmac/Documents/Mini Project - iOS and Adroid capcitor/worktrees/island-002-v2-concept-20260911/src/services/adherenceMetrics.ts, /Users/ejmac/Documents/Mini Project - iOS and Adroid capcitor/worktrees/island-002-v2-concept-20260911/src/services/habitsV2.ts, dynamic import will not move module into another chunk.

[plugin:vite:reporter] [plugin vite:reporter] 
(!) /Users/ejmac/Documents/Mini Project - iOS and Adroid capcitor/worktrees/island-002-v2-concept-20260911/src/services/habitsV2.ts is dynamically imported by /Users/ejmac/Documents/Mini Project - iOS and Adroid capcitor/worktrees/island-002-v2-concept-20260911/src/services/habitAdjustments.ts, /Users/ejmac/Documents/Mini Project - iOS and Adroid capcitor/worktrees/island-002-v2-concept-20260911/src/services/habitAdjustments.ts, /Users/ejmac/Documents/Mini Project - iOS and Adroid capcitor/worktrees/island-002-v2-concept-20260911/src/services/habitAdjustments.ts but also statically imported by /Users/ejmac/Documents/Mini Project - iOS and Adroid capcitor/worktrees/island-002-v2-concept-20260911/src/App.tsx, /Users/ejmac/Documents/Mini Project - iOS and Adroid capcitor/worktrees/island-002-v2-concept-20260911/src/compat/legacyHabitsAdapter.ts, /Users/ejmac/Documents/Mini Project - iOS and Adroid capcitor/worktrees/island-002-v2-concept-20260911/src/components/OfflineSyncDevPanel.tsx, /Users/ejmac/Documents/Mini Project - iOS and Adroid capcitor/worktrees/island-002-v2-concept-20260911/src/components/QuickAddSheet.tsx, /Users/ejmac/Documents/Mini Project - iOS and Adroid capcitor/worktrees/island-002-v2-concept-20260911/src/features/ai-coach/AiCoach.tsx, /Users/ejmac/Documents/Mini Project - iOS and Adroid capcitor/worktrees/island-002-v2-concept-20260911/src/features/annual-review/components/HabitPlanning.tsx, /Users/ejmac/Documents/Mini Project - iOS and Adroid capcitor/worktrees/island-002-v2-concept-20260911/src/features/compass-book/components/CompassHabitBridge.tsx, /Users/ejmac/Documents/Mini Project - iOS and Adroid capcitor/worktrees/island-002-v2-concept-20260911/src/features/conflict-resolver/services/conflictInnerContextAssembler.ts, /Users/ejmac/Documents/Mini Project - iOS and Adroid capcitor/worktrees/island-002-v2-concept-20260911/src/features/dashboard/ProgressDashboard.tsx, /Users/ejmac/Documents/Mini Project - iOS and Adroid capcitor/worktrees/island-002-v2-concept-20260911/src/features/gamification/ContractWizard.tsx, /Users/ejmac/Documents/Mini Project - iOS and Adroid capcitor/worktrees/island-002-v2-concept-20260911/src/features/gamification/level-worlds/services/islandRunHabitLandmarkAction.ts, /Users/ejmac/Documents/Mini Project - iOS and Adroid capcitor/worktrees/island-002-v2-concept-20260911/src/features/gamification/level-worlds/services/islandRunLifeIntakeService.ts, /Users/ejmac/Documents/Mini Project - iOS and Adroid capcitor/worktrees/island-002-v2-concept-20260911/src/features/gamification/level-worlds/services/islandRunRoutekeeperTinyActions.ts, /Users/ejmac/Documents/Mini Project - iOS and Adroid capcitor/worktrees/island-002-v2-concept-20260911/src/features/goals/GoalWorkspace.tsx, /Users/ejmac/Documents/Mini Project - iOS and Adroid capcitor/worktrees/island-002-v2-concept-20260911/src/features/goals/MyQuestHub.tsx, /Users/ejmac/Documents/Mini Project - iOS and Adroid capcitor/worktrees/island-002-v2-concept-20260911/src/features/habits/DailyHabitTracker.tsx, /Users/ejmac/Documents/Mini Project - iOS and Adroid capcitor/worktrees/island-002-v2-concept-20260911/src/features/habits/HabitsInsights.tsx, /Users/ejmac/Documents/Mini Project - iOS and Adroid capcitor/worktrees/island-002-v2-concept-20260911/src/features/habits/HabitsModule.tsx, /Users/ejmac/Documents/Mini Project - iOS and Adroid capcitor/worktrees/island-002-v2-concept-20260911/src/features/habits/StarterHabitPicker.tsx, /Users/ejmac/Documents/Mini Project - iOS and Adroid capcitor/worktrees/island-002-v2-concept-20260911/src/features/habits/UnifiedTodayView.tsx, /Users/ejmac/Documents/Mini Project - iOS and Adroid capcitor/worktrees/island-002-v2-concept-20260911/src/features/habits/daily-life-upgrade/useDailyLifeUpgradeFlow.ts, /Users/ejmac/Documents/Mini Project - iOS and Adroid capcitor/worktrees/island-002-v2-concept-20260911/src/features/journal/Journal.tsx, /Users/ejmac/Documents/Mini Project - iOS and Adroid capcitor/worktrees/island-002-v2-concept-20260911/src/features/onboarding/onboardingPersistence.ts, /Users/ejmac/Documents/Mini Project - iOS and Adroid capcitor/worktrees/island-002-v2-concept-20260911/src/features/profile-strength/profileStrengthData.ts, /Users/ejmac/Documents/Mini Project - iOS and Adroid capcitor/worktrees/island-002-v2-concept-20260911/src/features/quest-compass/QuestCompassModal.tsx, /Users/ejmac/Documents/Mini Project - iOS and Adroid capcitor/worktrees/island-002-v2-concept-20260911/src/features/routines/RoutinesTab.tsx, /Users/ejmac/Documents/Mini Project - iOS and Adroid capcitor/worktrees/island-002-v2-concept-20260911/src/features/routines/RoutinesTodayLane.tsx, /Users/ejmac/Documents/Mini Project - iOS and Adroid capcitor/worktrees/island-002-v2-concept-20260911/src/features/tip-of-day/tipOfDayData.ts, /Users/ejmac/Documents/Mini Project - iOS and Adroid capcitor/worktrees/island-002-v2-concept-20260911/src/features/vision-board/VisionBoard.tsx, /Users/ejmac/Documents/Mini Project - iOS and Adroid capcitor/worktrees/island-002-v2-concept-20260911/src/services/adherenceMetrics.ts, /Users/ejmac/Documents/Mini Project - iOS and Adroid capcitor/worktrees/island-002-v2-concept-20260911/src/services/commitmentContracts.ts, /Users/ejmac/Documents/Mini Project - iOS and Adroid capcitor/worktrees/island-002-v2-concept-20260911/src/services/habitAlertNotifications.ts, /Users/ejmac/Documents/Mini Project - iOS and Adroid capcitor/worktrees/island-002-v2-concept-20260911/src/services/habitLifecycleAutoResume.ts, /Users/ejmac/Documents/Mini Project - iOS and Adroid capcitor/worktrees/island-002-v2-concept-20260911/src/services/quests.ts, /Users/ejmac/Documents/Mini Project - iOS and Adroid capcitor/worktrees/island-002-v2-concept-20260911/src/services/tipApply.ts, dynamic import will not move module into another chunk.

[plugin:vite:reporter] [plugin vite:reporter] 
(!) /Users/ejmac/Documents/Mini Project - iOS and Adroid capcitor/worktrees/island-002-v2-concept-20260911/src/features/habits/suggestionsEngine.ts is dynamically imported by /Users/ejmac/Documents/Mini Project - iOS and Adroid capcitor/worktrees/island-002-v2-concept-20260911/src/services/habitAdjustments.ts, /Users/ejmac/Documents/Mini Project - iOS and Adroid capcitor/worktrees/island-002-v2-concept-20260911/src/services/habitAdjustments.ts, /Users/ejmac/Documents/Mini Project - iOS and Adroid capcitor/worktrees/island-002-v2-concept-20260911/src/services/habitAdjustments.ts but also statically imported by /Users/ejmac/Documents/Mini Project - iOS and Adroid capcitor/worktrees/island-002-v2-concept-20260911/src/features/habits/HabitsModule.tsx, dynamic import will not move module into another chunk.

[plugin:vite:reporter] [plugin vite:reporter] 
(!) /Users/ejmac/Documents/Mini Project - iOS and Adroid capcitor/worktrees/island-002-v2-concept-20260911/src/services/actionsCleanup.ts is dynamically imported by /Users/ejmac/Documents/Mini Project - iOS and Adroid capcitor/worktrees/island-002-v2-concept-20260911/src/services/actionsMigration.ts but also statically imported by /Users/ejmac/Documents/Mini Project - iOS and Adroid capcitor/worktrees/island-002-v2-concept-20260911/src/features/actions/hooks/useActionsCleanupOnLoad.ts, dynamic import will not move module into another chunk.

[plugin:vite:reporter] [plugin vite:reporter] 
(!) /Users/ejmac/Documents/Mini Project - iOS and Adroid capcitor/worktrees/island-002-v2-concept-20260911/src/services/powerUps.ts is dynamically imported by /Users/ejmac/Documents/Mini Project - iOS and Adroid capcitor/worktrees/island-002-v2-concept-20260911/src/services/gamification.ts but also statically imported by /Users/ejmac/Documents/Mini Project - iOS and Adroid capcitor/worktrees/island-002-v2-concept-20260911/src/components/GamificationHeader.tsx, /Users/ejmac/Documents/Mini Project - iOS and Adroid capcitor/worktrees/island-002-v2-concept-20260911/src/features/power-ups/PowerUpsStore.tsx, dynamic import will not move module into another chunk.

computing gzip size...
dist/index.html                                                   9.80 kB │ gzip:     3.06 kB
dist/assets/Cinzel-700-Dkw14w9r.woff2                            15.18 kB
dist/assets/EBGaramond-400i-DSEbMgZu.woff2                       25.39 kB
dist/assets/EBGaramond-400-CRpggXlh.woff2                        44.34 kB
dist/assets/tozengarden-BNpnGN29.webp                            51.01 kB
dist/assets/Dark_controller-CV4GbjXG.webp                       117.76 kB
dist/assets/Gold_controller-B1mAp9Xu.webp                       136.18 kB
dist/assets/Blue_darkcontroller-C8lePwNf.webp                   137.59 kB
dist/assets/Controller_lightblue-SrV3mTds.webp                  137.64 kB
dist/assets/Score_achievements-D_056y5n.webp                    153.50 kB
dist/assets/Score_shop-Bc3tLJnL.webp                            199.06 kB
dist/assets/score_Bank-CnaSdtEX.webp                            224.84 kB
dist/assets/Score_zengarden-BICZBFAw.webp                       238.74 kB
dist/assets/Visiontablight-CHtAiN0O.webp                        341.41 kB
dist/assets/fleet-evolution-strip-v1-B0h8LDzN.png               345.86 kB
dist/assets/Visiontabdark-Dh_ahfLp.webp                         514.83 kB
dist/assets/zengardenplotdark-B9ZVIoqG.webp                     519.90 kB
dist/assets/zengardenplotlight-8li_PTkX.webp                    609.16 kB
dist/assets/Zen_shopV2-D1A5YUEk.webp                            865.78 kB
dist/assets/MinigameHudStrip-CsGib9NE.css                         2.18 kB │ gzip:     0.81 kB
dist/assets/SignalPathMinigame-Cr2UpGX_.css                       2.77 kB │ gzip:     1.04 kB
dist/assets/ShooterBlitz-BLnpw5n8.css                             2.84 kB │ gzip:     1.02 kB
dist/assets/Island5ThreePilot-CJE36te5.css                        2.97 kB │ gzip:     1.13 kB
dist/assets/ConcordCategoriesMinigame-DbYSufwQ.css                3.04 kB │ gzip:     1.14 kB
dist/assets/TwinSigilsMinigame-D0W2o_NY.css                       3.44 kB │ gzip:     1.16 kB
dist/assets/LexiconRelayMinigame-mHWLi74_.css                     3.73 kB │ gzip:     1.26 kB
dist/assets/ExpeditionShipGarageShowcase-Dh2Hwq4o.css             5.12 kB │ gzip:     1.60 kB
dist/assets/ExpeditionShipGarageQualitySelector-D-9aIr1D.css      5.14 kB │ gzip:     1.63 kB
dist/assets/VisionQuestIslandRunAdapter-CvGaF705.css              5.64 kB │ gzip:     1.43 kB
dist/assets/BossRhythmMinigame-C30AKzNL.css                       5.65 kB │ gzip:     1.67 kB
dist/assets/ExpeditionShipGarageEntrance-CiXScj1J.css             5.93 kB │ gzip:     1.81 kB
dist/assets/ArenaPuzzleFrame-oHtjEBzL.css                         8.05 kB │ gzip:     2.39 kB
dist/assets/CompanionFeastMinigame-ArMUGh_x.css                   8.27 kB │ gzip:     2.23 kB
dist/assets/MomentumMatrixMinigame-C2to4aW0.css                  14.13 kB │ gzip:     3.66 kB
dist/assets/VaultIslandCollectionModal-nYKI9ilG.css              18.38 kB │ gzip:     4.23 kB
dist/assets/IslandWorkshopMinigame-vQkVINCw.css                  21.76 kB │ gzip:     4.87 kB
dist/assets/FortuneEngineMinigame-DMv5i9iI.css                   22.17 kB │ gzip:     5.34 kB
dist/assets/SpaceExcavatorMinigame-CB9FLJJ2.css                  30.46 kB │ gzip:     5.87 kB
dist/assets/VaultCasinoLab-C8esJjg6.css                          35.90 kB │ gzip:     8.51 kB
dist/assets/SkyboundExpeditionMinigame-BgWZ0wfZ.css              39.32 kB │ gzip:     8.47 kB
dist/assets/JourneyDiscArenaMinigame-CC4aLIVv.css                60.26 kB │ gzip:    11.22 kB
dist/assets/index-bG7O5CZr.css                                  993.04 kB │ gzip:   162.97 kB
dist/assets/main-BgbAeXxt.css                                 1,696.11 kB │ gzip:   313.72 kB
dist/assets/web-D9ABR8ub.js                                       0.41 kB │ gzip:     0.27 kB
dist/assets/web-DY6YWBb6.js                                       0.87 kB │ gzip:     0.42 kB
dist/assets/web-B_1CXbTL.js                                       0.97 kB │ gzip:     0.49 kB
dist/assets/RoundedBoxGeometry-QACad0b6.js                        1.71 kB │ gzip:     0.81 kB
dist/assets/RoomEnvironment-B1Z81fwt.js                           2.06 kB │ gzip:     0.88 kB
dist/assets/ExpeditionShipGarageEntrance-DjWp8aqs.js              2.45 kB │ gzip:     0.86 kB
dist/assets/MinigameFxOverlay-B2vAwDZx.js                         2.53 kB │ gzip:     1.23 kB
dist/assets/MinigameHudStrip-qd7749FB.js                          2.86 kB │ gzip:     1.22 kB
dist/assets/ExpeditionShipGarageShowcase-CNYqvwB2.js              4.25 kB │ gzip:     1.52 kB
dist/assets/LexiconRelayMinigame-DSlVLb8m.js                      4.64 kB │ gzip:     1.99 kB
dist/assets/ConcordCategoriesMinigame-DoCCAQdq.js                 4.73 kB │ gzip:     1.91 kB
dist/assets/TwinSigilsMinigame-B0AFn0RE.js                        5.09 kB │ gzip:     2.06 kB
dist/assets/SignalPathMinigame-BgLnOhKA.js                        5.86 kB │ gzip:     2.45 kB
dist/assets/BufferGeometryUtils-DRK43ePE.js                       6.27 kB │ gzip:     2.04 kB
dist/assets/minigameCanvasKit-DoU2NL-J.js                         6.87 kB │ gzip:     2.75 kB
dist/assets/ShooterBlitz-Clf3xrZp.js                              9.55 kB │ gzip:     3.23 kB
dist/assets/MomentumMatrixMinigame-GeR05riG.js                   10.47 kB │ gzip:     3.82 kB
dist/assets/VisionQuestIslandRunAdapter-D24qFPNm.js              12.92 kB │ gzip:     4.23 kB
dist/assets/ArenaPuzzleFrame-VPZnL7gk.js                         13.32 kB │ gzip:     5.17 kB
dist/assets/index-CnoWZTRQ.js                                    13.92 kB │ gzip:     5.32 kB
dist/assets/CompanionFeastMinigame-DOYUNXbQ.js                   18.46 kB │ gzip:     6.06 kB
dist/assets/SpaceExcavatorMinigame-DN4DjY3v.js                   25.02 kB │ gzip:     7.40 kB
dist/assets/BossRhythmMinigame-DmgkeRam.js                       25.30 kB │ gzip:     8.61 kB
dist/assets/VaultCasinoLab-CxA6JV9N.js                           26.64 kB │ gzip:     9.12 kB
dist/assets/IslandWorkshopMinigame-DetrjbBZ.js                   36.94 kB │ gzip:    11.48 kB
dist/assets/FortuneEngineMinigame-tA9GQWRn.js                    41.12 kB │ gzip:    12.92 kB
dist/assets/GLTFLoader-7shBuCWD.js                               63.58 kB │ gzip:    17.47 kB
dist/assets/JourneyDiscArenaMinigame-NzrDNToQ.js                 72.10 kB │ gzip:    21.71 kB
dist/assets/ExpeditionShipGarageQualitySelector-o1PgnMnT.js      96.41 kB │ gzip:    31.19 kB
dist/assets/CompassBookThreeShell-BkfZCW_U.js                   103.50 kB │ gzip:    31.98 kB
dist/assets/SkyboundExpeditionMinigame-DVuvN4b9.js              103.89 kB │ gzip:    35.06 kB
dist/assets/VaultIslandCollectionModal-fB3QcbD2.js              216.70 kB │ gzip:    63.69 kB
dist/assets/Island5ThreePilot-BFtmi_83.js                     2,380.78 kB │ gzip:   657.77 kB
dist/assets/main-By3vX_5E.js                                  5,719.05 kB │ gzip: 1,547.72 kB

(!) Some chunks are larger than 500 kB after minification. Consider:
- Using dynamic import() to code-split the application
- Use build.rollupOptions.output.manualChunks to improve chunking: https://rollupjs.org/configuration-options/#output-manualchunks
- Adjust chunk size limit for this warning via build.chunkSizeWarningLimit.
✓ built in 4m 3s
