{
  "ok": true,
  "verdict": "pass",
  "confidence": 0.86,
  "estimatedFidelity": 0.86,
  "targetThreshold": 0.7,
  "materialId": "stone",
  "sourceImage": "/Users/ejmac/Documents/Mini Project - iOS and Adroid capcitor/worktrees/island-001-assembly-upgrade-20260909/docs/gauntlets/island-001-v2/parts/hatchery/material-evidence-v2/stone-crop.png",
  "outDir": "/Users/ejmac/Documents/Mini Project - iOS and Adroid capcitor/worktrees/island-001-assembly-upgrade-20260909/docs/gauntlets/island-001-v2/parts/hatchery/material-evidence-v2/stone",
  "palette": [
    "#BC967B",
    "#E7B385",
    "#F7C99A",
    "#C9A88D",
    "#AC8261"
  ],
  "maps": {
    "albedo": {
      "path": "/Users/ejmac/Documents/Mini Project - iOS and Adroid capcitor/worktrees/island-001-assembly-upgrade-20260909/docs/gauntlets/island-001-v2/parts/hatchery/material-evidence-v2/stone/stone_albedo.png",
      "url": "stone_albedo.png",
      "channel": "albedo",
      "source": "reference-pixel-extraction"
    },
    "roughness": {
      "path": "/Users/ejmac/Documents/Mini Project - iOS and Adroid capcitor/worktrees/island-001-assembly-upgrade-20260909/docs/gauntlets/island-001-v2/parts/hatchery/material-evidence-v2/stone/stone_roughness.png",
      "url": "stone_roughness.png",
      "channel": "roughness",
      "source": "reference-pixel-extraction"
    },
    "height": {
      "path": "/Users/ejmac/Documents/Mini Project - iOS and Adroid capcitor/worktrees/island-001-assembly-upgrade-20260909/docs/gauntlets/island-001-v2/parts/hatchery/material-evidence-v2/stone/stone_height.png",
      "url": "stone_height.png",
      "channel": "height",
      "source": "reference-pixel-extraction"
    },
    "normal": {
      "path": "/Users/ejmac/Documents/Mini Project - iOS and Adroid capcitor/worktrees/island-001-assembly-upgrade-20260909/docs/gauntlets/island-001-v2/parts/hatchery/material-evidence-v2/stone/stone_normal.png",
      "url": "stone_normal.png",
      "channel": "normal",
      "source": "reference-pixel-extraction"
    },
    "ao": {
      "path": "/Users/ejmac/Documents/Mini Project - iOS and Adroid capcitor/worktrees/island-001-assembly-upgrade-20260909/docs/gauntlets/island-001-v2/parts/hatchery/material-evidence-v2/stone/stone_ao.png",
      "url": "stone_ao.png",
      "channel": "ao",
      "source": "reference-pixel-extraction"
    }
  },
  "diagnostics": {
    "sourceWidth": 11,
    "sourceHeight": 64,
    "mapSize": 256,
    "cropBBoxPixels": {
      "x": 4,
      "y": 0,
      "width": 7,
      "height": 64
    },
    "mask": {
      "backgroundColor": "#B5938C",
      "backgroundNoise": 56.436,
      "transparentPixelFraction": 0.0,
      "foregroundCoverage": 0.4247
    },
    "mapStats": {
      "valueRange": 0.3087,
      "heightP90Gradient": 0.06265,
      "roughnessBase": 0.694,
      "roughnessVariation": 0.114,
      "normalStrength": 0.23,
      "blurRadius": 5
    },
    "palette": [
      "#BC967B",
      "#E7B385",
      "#F7C99A",
      "#C9A88D",
      "#AC8261"
    ]
  },
  "warnings": [
    "single-image inverse rendering cannot prove true physical PBR; confidence is capped"
  ],
  "limitation": "single-image PBR extraction is an estimate; 70%+ extraction confidence still needs render screenshot review"
}
