vite v5.4.21 building for island-profiler...

(!) outDir /private/tmp/island002-integrated-final-profiler-v2 is not inside project root and will not be emptied.
Use --emptyOutDir to override.

transforming...
✓ 1446 modules transformed.
rendering chunks...
computing gzip size...
../../../../../../private/tmp/island002-integrated-final-profiler-v2/index.html                                                   9.80 kB │ gzip:   3.06 kB
../../../../../../private/tmp/island002-integrated-final-profiler-v2/assets/Cinzel-700-Dkw14w9r.woff2                            15.18 kB
../../../../../../private/tmp/island002-integrated-final-profiler-v2/assets/EBGaramond-400i-DSEbMgZu.woff2                       25.39 kB
../../../../../../private/tmp/island002-integrated-final-profiler-v2/assets/EBGaramond-400-CRpggXlh.woff2                        44.34 kB
../../../../../../private/tmp/island002-integrated-final-profiler-v2/assets/tozengarden-BNpnGN29.webp                            51.01 kB
../../../../../../private/tmp/island002-integrated-final-profiler-v2/assets/Dark_controller-CV4GbjXG.webp                       117.76 kB
../../../../../../private/tmp/island002-integrated-final-profiler-v2/assets/Gold_controller-B1mAp9Xu.webp                       136.18 kB
../../../../../../private/tmp/island002-integrated-final-profiler-v2/assets/Blue_darkcontroller-C8lePwNf.webp                   137.59 kB
../../../../../../private/tmp/island002-integrated-final-profiler-v2/assets/Controller_lightblue-SrV3mTds.webp                  137.64 kB
../../../../../../private/tmp/island002-integrated-final-profiler-v2/assets/Score_achievements-D_056y5n.webp                    153.50 kB
../../../../../../private/tmp/island002-integrated-final-profiler-v2/assets/Score_shop-Bc3tLJnL.webp                            199.06 kB
../../../../../../private/tmp/island002-integrated-final-profiler-v2/assets/score_Bank-CnaSdtEX.webp                            224.84 kB
../../../../../../private/tmp/island002-integrated-final-profiler-v2/assets/Score_zengarden-BICZBFAw.webp                       238.74 kB
../../../../../../private/tmp/island002-integrated-final-profiler-v2/assets/Visiontablight-CHtAiN0O.webp                        341.41 kB
../../../../../../private/tmp/island002-integrated-final-profiler-v2/assets/fleet-evolution-strip-v1-B0h8LDzN.png               345.86 kB
../../../../../../private/tmp/island002-integrated-final-profiler-v2/assets/Visiontabdark-Dh_ahfLp.webp                         514.83 kB
../../../../../../private/tmp/island002-integrated-final-profiler-v2/assets/zengardenplotdark-B9ZVIoqG.webp                     519.90 kB
../../../../../../private/tmp/island002-integrated-final-profiler-v2/assets/zengardenplotlight-8li_PTkX.webp                    609.16 kB
../../../../../../private/tmp/island002-integrated-final-profiler-v2/assets/Zen_shopV2-D1A5YUEk.webp                            865.78 kB
../../../../../../private/tmp/island002-integrated-final-profiler-v2/assets/MinigameHudStrip-CsGib9NE.css                         2.18 kB │ gzip:   0.81 kB
../../../../../../private/tmp/island002-integrated-final-profiler-v2/assets/SignalPathMinigame-Cr2UpGX_.css                       2.77 kB │ gzip:   1.04 kB
../../../../../../private/tmp/island002-integrated-final-profiler-v2/assets/ShooterBlitz-BLnpw5n8.css                             2.84 kB │ gzip:   1.02 kB
../../../../../../private/tmp/island002-integrated-final-profiler-v2/assets/Island5ThreePilot-CJE36te5.css                        2.97 kB │ gzip:   1.13 kB
../../../../../../private/tmp/island002-integrated-final-profiler-v2/assets/ConcordCategoriesMinigame-DbYSufwQ.css                3.04 kB │ gzip:   1.14 kB
../../../../../../private/tmp/island002-integrated-final-profiler-v2/assets/TwinSigilsMinigame-D0W2o_NY.css                       3.44 kB │ gzip:   1.16 kB
../../../../../../private/tmp/island002-integrated-final-profiler-v2/assets/LexiconRelayMinigame-mHWLi74_.css                     3.73 kB │ gzip:   1.26 kB
../../../../../../private/tmp/island002-integrated-final-profiler-v2/assets/ExpeditionShipGarageShowcase-Dh2Hwq4o.css             5.12 kB │ gzip:   1.60 kB
../../../../../../private/tmp/island002-integrated-final-profiler-v2/assets/ExpeditionShipGarageQualitySelector-D-9aIr1D.css      5.14 kB │ gzip:   1.63 kB
../../../../../../private/tmp/island002-integrated-final-profiler-v2/assets/VisionQuestIslandRunAdapter-CvGaF705.css              5.64 kB │ gzip:   1.43 kB
../../../../../../private/tmp/island002-integrated-final-profiler-v2/assets/BossRhythmMinigame-C30AKzNL.css                       5.65 kB │ gzip:   1.67 kB
../../../../../../private/tmp/island002-integrated-final-profiler-v2/assets/ExpeditionShipGarageEntrance-CiXScj1J.css             5.93 kB │ gzip:   1.81 kB
../../../../../../private/tmp/island002-integrated-final-profiler-v2/assets/ArenaPuzzleFrame-oHtjEBzL.css                         8.05 kB │ gzip:   2.39 kB
../../../../../../private/tmp/island002-integrated-final-profiler-v2/assets/CompanionFeastMinigame-ArMUGh_x.css                   8.27 kB │ gzip:   2.23 kB
../../../../../../private/tmp/island002-integrated-final-profiler-v2/assets/MomentumMatrixMinigame-C2to4aW0.css                  14.13 kB │ gzip:   3.66 kB
../../../../../../private/tmp/island002-integrated-final-profiler-v2/assets/VaultIslandCollectionModal-nYKI9ilG.css              18.38 kB │ gzip:   4.23 kB
../../../../../../private/tmp/island002-integrated-final-profiler-v2/assets/IslandWorkshopMinigame-vQkVINCw.css                  21.76 kB │ gzip:   4.87 kB
../../../../../../private/tmp/island002-integrated-final-profiler-v2/assets/FortuneEngineMinigame-DMv5i9iI.css                   22.17 kB │ gzip:   5.34 kB
../../../../../../private/tmp/island002-integrated-final-profiler-v2/assets/IslandTemplateKitPage-DCHU39bZ.css                   23.99 kB │ gzip:   5.69 kB
../../../../../../private/tmp/island002-integrated-final-profiler-v2/assets/SpaceExcavatorMinigame-CB9FLJJ2.css                  30.46 kB │ gzip:   5.87 kB
../../../../../../private/tmp/island002-integrated-final-profiler-v2/assets/VaultCasinoLab-C8esJjg6.css                          35.90 kB │ gzip:   8.51 kB
../../../../../../private/tmp/island002-integrated-final-profiler-v2/assets/SkyboundExpeditionMinigame-BgWZ0wfZ.css              39.32 kB │ gzip:   8.47 kB
../../../../../../private/tmp/island002-integrated-final-profiler-v2/assets/JourneyDiscArenaMinigame-CC4aLIVv.css                60.26 kB │ gzip:  11.22 kB
../../../../../../private/tmp/island002-integrated-final-profiler-v2/assets/index-bG7O5CZr.css                                  993.04 kB │ gzip: 162.97 kB
../../../../../../private/tmp/island002-integrated-final-profiler-v2/assets/main-BShrBFuG.css                                 1,703.27 kB │ gzip: 315.13 kB
../../../../../../private/tmp/island002-integrated-final-profiler-v2/assets/web-Cm4G3jT3.js                                       0.41 kB │ gzip:   0.27 kB
../../../../../../private/tmp/island002-integrated-final-profiler-v2/assets/bossService-B8hDqW4i.js                               0.47 kB │ gzip:   0.29 kB
../../../../../../private/tmp/island002-integrated-final-profiler-v2/assets/web-BKNmFVy6.js                                       0.87 kB │ gzip:   0.42 kB
../../../../../../private/tmp/island002-integrated-final-profiler-v2/assets/web-DnvWY_XP.js                                       0.97 kB │ gzip:   0.49 kB
../../../../../../private/tmp/island002-integrated-final-profiler-v2/assets/RoundedBoxGeometry-CG-5ugUr.js                        1.72 kB │ gzip:   0.81 kB
../../../../../../private/tmp/island002-integrated-final-profiler-v2/assets/RoomEnvironment-BSssXWiV.js                           2.06 kB │ gzip:   0.88 kB
../../../../../../private/tmp/island002-integrated-final-profiler-v2/assets/ExpeditionShipGarageEntrance-CzN9ht43.js              2.49 kB │ gzip:   0.88 kB
../../../../../../private/tmp/island002-integrated-final-profiler-v2/assets/MinigameFxOverlay-BFM6R7R1.js                         2.53 kB │ gzip:   1.23 kB
../../../../../../private/tmp/island002-integrated-final-profiler-v2/assets/luckyRollTileEffects-BxOjTkrM.js                      2.54 kB │ gzip:   0.88 kB
../../../../../../private/tmp/island002-integrated-final-profiler-v2/assets/MinigameHudStrip-DGZkr1-5.js                          2.86 kB │ gzip:   1.21 kB
../../../../../../private/tmp/island002-integrated-final-profiler-v2/assets/ExpeditionShipGarageShowcase-CXoxEz4F.js              4.29 kB │ gzip:   1.54 kB
../../../../../../private/tmp/island002-integrated-final-profiler-v2/assets/LexiconRelayMinigame-B9NOlmQz.js                      4.58 kB │ gzip:   1.97 kB
../../../../../../private/tmp/island002-integrated-final-profiler-v2/assets/ConcordCategoriesMinigame--HQaX3Fp.js                 4.68 kB │ gzip:   1.89 kB
../../../../../../private/tmp/island002-integrated-final-profiler-v2/assets/TwinSigilsMinigame-DAlXG5zu.js                        5.04 kB │ gzip:   2.04 kB
../../../../../../private/tmp/island002-integrated-final-profiler-v2/assets/SignalPathMinigame-Cw5_3zRL.js                        5.78 kB │ gzip:   2.43 kB
../../../../../../private/tmp/island002-integrated-final-profiler-v2/assets/BufferGeometryUtils-orDj8tNm.js                       6.28 kB │ gzip:   2.04 kB
../../../../../../private/tmp/island002-integrated-final-profiler-v2/assets/minigameCanvasKit-DoU2NL-J.js                         6.87 kB │ gzip:   2.75 kB
../../../../../../private/tmp/island002-integrated-final-profiler-v2/assets/ShooterBlitz-P83UtKSA.js                              9.63 kB │ gzip:   3.27 kB
../../../../../../private/tmp/island002-integrated-final-profiler-v2/assets/MomentumMatrixMinigame-CVLcyy9t.js                   11.18 kB │ gzip:   4.05 kB
../../../../../../private/tmp/island002-integrated-final-profiler-v2/assets/ArenaPuzzleFrame-Dx_OmqJT.js                         13.32 kB │ gzip:   5.17 kB
../../../../../../private/tmp/island002-integrated-final-profiler-v2/assets/index-DsPpA-AS.js                                    13.83 kB │ gzip:   5.28 kB
../../../../../../private/tmp/island002-integrated-final-profiler-v2/assets/VisionQuestIslandRunAdapter-BIj5nsEw.js              13.91 kB │ gzip:   4.66 kB
../../../../../../private/tmp/island002-integrated-final-profiler-v2/assets/IslandTemplateKitPage-kuz6uS-B.js                    16.44 kB │ gzip:   5.35 kB
../../../../../../private/tmp/island002-integrated-final-profiler-v2/assets/CompanionFeastMinigame-CGpvXF9e.js                   18.32 kB │ gzip:   6.02 kB
../../../../../../private/tmp/island002-integrated-final-profiler-v2/assets/SpaceExcavatorMinigame-C-HJ1JkM.js                   25.89 kB │ gzip:   7.65 kB
../../../../../../private/tmp/island002-integrated-final-profiler-v2/assets/BossRhythmMinigame-ClgBfj3q.js                       28.41 kB │ gzip:   9.77 kB
../../../../../../private/tmp/island002-integrated-final-profiler-v2/assets/VaultCasinoLab-DVfdP9U0.js                           31.34 kB │ gzip:  10.94 kB
../../../../../../private/tmp/island002-integrated-final-profiler-v2/assets/IslandWorkshopMinigame-Dvr7eb2N.js                   36.82 kB │ gzip:  11.44 kB
../../../../../../private/tmp/island002-integrated-final-profiler-v2/assets/FortuneEngineMinigame-Xyp_-y7_.js                    40.88 kB │ gzip:  12.88 kB
../../../../../../private/tmp/island002-integrated-final-profiler-v2/assets/GLTFLoader-AUVIMOhw.js                               63.59 kB │ gzip:  17.47 kB
../../../../../../private/tmp/island002-integrated-final-profiler-v2/assets/JourneyDiscArenaMinigame-jNI1XFD0.js                 94.58 kB │ gzip:  28.39 kB
../../../../../../private/tmp/island002-integrated-final-profiler-v2/assets/ExpeditionShipGarageQualitySelector-ByIO4Uql.js      97.31 kB │ gzip:  31.60 kB
../../../../../../private/tmp/island002-integrated-final-profiler-v2/assets/CompassBookThreeShell-B-QFAMij.js                   103.56 kB │ gzip:  32.02 kB
../../../../../../private/tmp/island002-integrated-final-profiler-v2/assets/SkyboundExpeditionMinigame-BYRCs3Y1.js              123.92 kB │ gzip:  42.05 kB
../../../../../../private/tmp/island002-integrated-final-profiler-v2/assets/VaultIslandCollectionModal-JVn01Lg3.js              218.39 kB │ gzip:  64.38 kB
../../../../../../private/tmp/island002-integrated-final-profiler-v2/assets/three.module-D0oplK2M.js                            620.14 kB │ gzip: 159.37 kB
../../../../../../private/tmp/island002-integrated-final-profiler-v2/assets/main-UDr7RQSQ.js                                  1,017.23 kB │ gzip: 281.37 kB
../../../../../../private/tmp/island002-integrated-final-profiler-v2/assets/Island5ThreePilot-Cu9zqpyu.js                     2,550.29 kB │ gzip: 709.87 kB

(!) Some chunks are larger than 500 kB after minification. Consider:
- Using dynamic import() to code-split the application
- Use build.rollupOptions.output.manualChunks to improve chunking: https://rollupjs.org/configuration-options/#output-manualchunks
- Adjust chunk size limit for this warning via build.chunkSizeWarningLimit.
✓ built in 14.14s
